supabase/functions/whatsapp-agent-instance/index.ts(1,23): error TS2307: Cannot find module 'https://deno.land/std@0.168.0/http/server.ts' or its corresponding type declarations.
supabase/functions/whatsapp-agent-instance/index.ts(2,30): error TS2307: Cannot find module 'https://esm.sh/@supabase/supabase-js@2.45.0' or its corresponding type declarations.
supabase/functions/whatsapp-agent-instance/index.ts(3,44): error TS5097: An import path can only end with a '.ts' extension when 'allowImportingTsExtensions' is enabled.
supabase/functions/whatsapp-agent-instance/index.ts(5,23): error TS2304: Cannot find name 'Deno'.
supabase/functions/whatsapp-agent-instance/index.ts(5,79): error TS2304: Cannot find name 'Deno'.
supabase/functions/whatsapp-agent-instance/index.ts(6,27): error TS2304: Cannot find name 'Deno'.
supabase/functions/whatsapp-agent-instance/index.ts(7,22): error TS2304: Cannot find name 'Deno'.
supabase/functions/whatsapp-agent-instance/index.ts(8,35): error TS2304: Cannot find name 'Deno'.
supabase/functions/whatsapp-agent-instance/index.ts(55,51): error TS2304: Cannot find name 'Deno'.
supabase/functions/whatsapp-agent-instance/index.ts(263,32): error TS2304: Cannot find name 'Deno'.
